#-----------------------------------------------------------
# Vivado v2023.1 (64-bit)
# SW Build 3865809 on Sun May  7 15:05:29 MDT 2023
# IP Build 3864474 on Sun May  7 20:36:21 MDT 2023
# SharedData Build 3865790 on Sun May 07 13:33:03 MDT 2023
# Start of session at: Tue Mar 12 00:19:34 2024
# Process ID: 13456
# Current directory: C:/Users/Abel/Documents/GitHub/Hardware_Accelerators/bin2bcd/impl/project_bin2bcd_sv/project_bin2bcd_sv.runs/synth_1
# Command line: vivado.exe -log bin2bcd.vds -product Vivado -mode batch -messageDb vivado.pb -notrace -source bin2bcd.tcl
# Log file: C:/Users/Abel/Documents/GitHub/Hardware_Accelerators/bin2bcd/impl/project_bin2bcd_sv/project_bin2bcd_sv.runs/synth_1/bin2bcd.vds
# Journal file: C:/Users/Abel/Documents/GitHub/Hardware_Accelerators/bin2bcd/impl/project_bin2bcd_sv/project_bin2bcd_sv.runs/synth_1\vivado.jou
# Running On: DESKTOP-SUNLHPS, OS: Windows, CPU Frequency: 2611 MHz, CPU Physical cores: 10, Host memory: 16869 MB
#-----------------------------------------------------------
source bin2bcd.tcl -notrace
